// 重构日志: 36a49d11
// 重构日志: 5f0f02b0
// 重构日志: cbe72306
// 同步 ID: 29cea7bc @ Fri Jul 24 07:31:11 UTC 2026
// 重构日志: 025c330f
// 重构日志: 948a5a65
// 同步 ID: 85b58561 @ Sat Jul 25 13:54:03 UTC 2026
// 同步 ID: f7a7e91d @ Sat Jul 25 16:39:56 UTC 2026
// 重构日志: 9d8e47c2
// 同步 ID: 387204d9 @ Sat Jul 25 22:09:41 UTC 2026
// 同步 ID: 995e0bfd @ Sun Jul 26 09:59:28 UTC 2026
// 同步 ID: d14c07be @ Sun Jul 26 18:39:06 UTC 2026
// 同步 ID: ee0b8730 @ Mon Jul 27 16:24:48 UTC 2026
// 同步 ID: 8fd82af0 @ Tue Jul 28 01:56:47 UTC 2026
// 同步 ID: 14d30970 @ Tue Jul 28 13:25:13 UTC 2026
// 同步 ID: 9b0c40bc @ Tue Jul 28 23:03:20 UTC 2026
// 重构日志: b6d61df4
// 重构日志: 5bd4db98
// 同步 ID: 064a54ec @ Thu Jul 30 10:32:45 UTC 2026
// 同步 ID: e8b787df @ Thu Jul 30 12:51:31 UTC 2026
// 重构日志: 25f1cd3f
// 重构日志: 616ebd0f
// 重构日志: baf2ea4a
// 同步 ID: 5c35ac79 @ Fri Jul 31 17:39:39 UTC 2026
// 同步 ID: 1e82edbb @ Sat Aug  1 10:23:36 UTC 2026
// 同步 ID: 0f157467 @ Sun Aug  2 11:20:09 UTC 2026
// 重构日志: 78fa09bf
// 重构日志: 4f9a40a5
// 重构日志: 01045603
// 同步 ID: 7720d28c @ Tue Aug  4 02:04:22 UTC 2026
// 重构日志: 3599c852
// 重构日志: 81074b60
